C:\dev\hostLinkOmron\hotsLinkOmron\api\src\main\java\org\ctrl\db\api\ApiExceptionHandler.java
C:\dev\hostLinkOmron\hotsLinkOmron\api\src\main\java\org\ctrl\db\api\CollectorControlRestController.java
C:\dev\hostLinkOmron\hotsLinkOmron\api\src\main\java\org\ctrl\db\api\DeviceCrudRestController.java
C:\dev\hostLinkOmron\hotsLinkOmron\api\src\main\java\org\ctrl\db\api\DmValueRestController.java
C:\dev\hostLinkOmron\hotsLinkOmron\api\src\main\java\org\ctrl\db\api\dto\CollectorStatusResponse.java
C:\dev\hostLinkOmron\hotsLinkOmron\api\src\main\java\org\ctrl\db\api\dto\DeviceRequest.java
C:\dev\hostLinkOmron\hotsLinkOmron\api\src\main\java\org\ctrl\db\api\dto\FabricaRequest.java
C:\dev\hostLinkOmron\hotsLinkOmron\api\src\main\java\org\ctrl\db\api\dto\MachineRequest.java
C:\dev\hostLinkOmron\hotsLinkOmron\api\src\main\java\org\ctrl\db\api\dto\MemoryRequest.java
C:\dev\hostLinkOmron\hotsLinkOmron\api\src\main\java\org\ctrl\db\api\dto\MemoryValueByDeviceDTO.java
C:\dev\hostLinkOmron\hotsLinkOmron\api\src\main\java\org\ctrl\db\api\dto\MemoryValueRequest.java
C:\dev\hostLinkOmron\hotsLinkOmron\api\src\main\java\org\ctrl\db\api\dto\MiniFabricaRequest.java
C:\dev\hostLinkOmron\hotsLinkOmron\api\src\main\java\org\ctrl\db\api\dto\SetorRequest.java
C:\dev\hostLinkOmron\hotsLinkOmron\api\src\main\java\org\ctrl\db\api\dto\TagCrudRequest.java
C:\dev\hostLinkOmron\hotsLinkOmron\api\src\main\java\org\ctrl\db\api\dto\TurnoRequest.java
C:\dev\hostLinkOmron\hotsLinkOmron\api\src\main\java\org\ctrl\db\api\ErrorResponse.java
C:\dev\hostLinkOmron\hotsLinkOmron\api\src\main\java\org\ctrl\db\api\FabricaRestController.java
C:\dev\hostLinkOmron\hotsLinkOmron\api\src\main\java\org\ctrl\db\api\MachineRestController.java
C:\dev\hostLinkOmron\hotsLinkOmron\api\src\main\java\org\ctrl\db\api\MemoryCrudRestController.java
C:\dev\hostLinkOmron\hotsLinkOmron\api\src\main\java\org\ctrl\db\api\MemoryRestController.java
C:\dev\hostLinkOmron\hotsLinkOmron\api\src\main\java\org\ctrl\db\api\MemoryValueCrudRestController.java
C:\dev\hostLinkOmron\hotsLinkOmron\api\src\main\java\org\ctrl\db\api\MiniFabricaRestController.java
C:\dev\hostLinkOmron\hotsLinkOmron\api\src\main\java\org\ctrl\db\api\model\Device.java
C:\dev\hostLinkOmron\hotsLinkOmron\api\src\main\java\org\ctrl\db\api\model\Fabrica.java
C:\dev\hostLinkOmron\hotsLinkOmron\api\src\main\java\org\ctrl\db\api\model\Machine.java
C:\dev\hostLinkOmron\hotsLinkOmron\api\src\main\java\org\ctrl\db\api\model\Memory.java
C:\dev\hostLinkOmron\hotsLinkOmron\api\src\main\java\org\ctrl\db\api\model\MemoryValueCrud.java
C:\dev\hostLinkOmron\hotsLinkOmron\api\src\main\java\org\ctrl\db\api\model\MiniFabrica.java
C:\dev\hostLinkOmron\hotsLinkOmron\api\src\main\java\org\ctrl\db\api\model\Setor.java
C:\dev\hostLinkOmron\hotsLinkOmron\api\src\main\java\org\ctrl\db\api\model\TagCrud.java
C:\dev\hostLinkOmron\hotsLinkOmron\api\src\main\java\org\ctrl\db\api\model\Turno.java
C:\dev\hostLinkOmron\hotsLinkOmron\api\src\main\java\org\ctrl\db\api\repository\DeviceRepository.java
C:\dev\hostLinkOmron\hotsLinkOmron\api\src\main\java\org\ctrl\db\api\repository\FabricaRepository.java
C:\dev\hostLinkOmron\hotsLinkOmron\api\src\main\java\org\ctrl\db\api\repository\MachineRepository.java
C:\dev\hostLinkOmron\hotsLinkOmron\api\src\main\java\org\ctrl\db\api\repository\MemoryRepository.java
C:\dev\hostLinkOmron\hotsLinkOmron\api\src\main\java\org\ctrl\db\api\repository\MemoryValueCrudRepository.java
C:\dev\hostLinkOmron\hotsLinkOmron\api\src\main\java\org\ctrl\db\api\repository\MiniFabricaRepository.java
C:\dev\hostLinkOmron\hotsLinkOmron\api\src\main\java\org\ctrl\db\api\repository\SetorRepository.java
C:\dev\hostLinkOmron\hotsLinkOmron\api\src\main\java\org\ctrl\db\api\repository\TagCrudRepository.java
C:\dev\hostLinkOmron\hotsLinkOmron\api\src\main\java\org\ctrl\db\api\repository\TurnoRepository.java
C:\dev\hostLinkOmron\hotsLinkOmron\api\src\main\java\org\ctrl\db\api\RrValueRestController.java
C:\dev\hostLinkOmron\hotsLinkOmron\api\src\main\java\org\ctrl\db\api\service\CollectorProcessService.java
C:\dev\hostLinkOmron\hotsLinkOmron\api\src\main\java\org\ctrl\db\api\service\DeviceService.java
C:\dev\hostLinkOmron\hotsLinkOmron\api\src\main\java\org\ctrl\db\api\service\FabricaService.java
C:\dev\hostLinkOmron\hotsLinkOmron\api\src\main\java\org\ctrl\db\api\service\MachineService.java
C:\dev\hostLinkOmron\hotsLinkOmron\api\src\main\java\org\ctrl\db\api\service\MemoryService.java
C:\dev\hostLinkOmron\hotsLinkOmron\api\src\main\java\org\ctrl\db\api\service\MemoryValueCrudService.java
C:\dev\hostLinkOmron\hotsLinkOmron\api\src\main\java\org\ctrl\db\api\service\MiniFabricaService.java
C:\dev\hostLinkOmron\hotsLinkOmron\api\src\main\java\org\ctrl\db\api\service\SetorService.java
C:\dev\hostLinkOmron\hotsLinkOmron\api\src\main\java\org\ctrl\db\api\service\TagCrudService.java
C:\dev\hostLinkOmron\hotsLinkOmron\api\src\main\java\org\ctrl\db\api\service\TurnoService.java
C:\dev\hostLinkOmron\hotsLinkOmron\api\src\main\java\org\ctrl\db\api\SetorRestController.java
C:\dev\hostLinkOmron\hotsLinkOmron\api\src\main\java\org\ctrl\db\api\TagCrudRestController.java
C:\dev\hostLinkOmron\hotsLinkOmron\api\src\main\java\org\ctrl\db\api\TagRestController.java
C:\dev\hostLinkOmron\hotsLinkOmron\api\src\main\java\org\ctrl\db\api\TurnoRestController.java
C:\dev\hostLinkOmron\hotsLinkOmron\api\src\main\java\org\ctrl\db\ApiApplication.java
